./tests/lex/keywords.cpp:1:1: KW_alignas           'alignas'
./tests/lex/keywords.cpp:1:9: KW_alignof           'alignof'
./tests/lex/keywords.cpp:1:17: KW_asm               'asm'
./tests/lex/keywords.cpp:1:21: KW_auto              'auto'
./tests/lex/keywords.cpp:1:26: KW_bool              'bool'
./tests/lex/keywords.cpp:1:31: KW_break             'break'
./tests/lex/keywords.cpp:1:37: KW_case              'case'
./tests/lex/keywords.cpp:1:42: KW_catch             'catch'
./tests/lex/keywords.cpp:1:48: KW_char              'char'
./tests/lex/keywords.cpp:1:53: KW_char16_t          'char16_t'
./tests/lex/keywords.cpp:1:62: KW_char32_t          'char32_t'
./tests/lex/keywords.cpp:2:1: KW_class             'class'
./tests/lex/keywords.cpp:2:7: KW_const             'const'
./tests/lex/keywords.cpp:2:13: KW_constexpr         'constexpr'
./tests/lex/keywords.cpp:2:23: KW_const_cast        'const_cast'
./tests/lex/keywords.cpp:2:34: KW_continue          'continue'
./tests/lex/keywords.cpp:2:43: KW_decltype          'decltype'
./tests/lex/keywords.cpp:2:52: KW_default           'default'
./tests/lex/keywords.cpp:2:60: KW_delete            'delete'
./tests/lex/keywords.cpp:2:67: KW_do                'do'
./tests/lex/keywords.cpp:3:1: KW_double            'double'
./tests/lex/keywords.cpp:3:8: KW_dynamic_cast      'dynamic_cast'
./tests/lex/keywords.cpp:3:21: KW_else              'else'
./tests/lex/keywords.cpp:3:26: KW_enum              'enum'
./tests/lex/keywords.cpp:3:31: KW_explicit          'explicit'
./tests/lex/keywords.cpp:3:40: KW_export            'export'
./tests/lex/keywords.cpp:3:47: KW_extern            'extern'
./tests/lex/keywords.cpp:3:54: KW_false             'false'
./tests/lex/keywords.cpp:3:60: KW_float             'float'
./tests/lex/keywords.cpp:3:66: KW_for               'for'
./tests/lex/keywords.cpp:4:1: KW_friend            'friend'
./tests/lex/keywords.cpp:4:8: KW_goto              'goto'
./tests/lex/keywords.cpp:4:13: KW_if                'if'
./tests/lex/keywords.cpp:4:16: KW_inline            'inline'
./tests/lex/keywords.cpp:4:23: KW_int               'int'
./tests/lex/keywords.cpp:4:27: KW_long              'long'
./tests/lex/keywords.cpp:4:32: KW_mutable           'mutable'
./tests/lex/keywords.cpp:4:40: KW_namespace         'namespace'
./tests/lex/keywords.cpp:4:50: KW_new               'new'
./tests/lex/keywords.cpp:4:54: KW_noexcept          'noexcept'
./tests/lex/keywords.cpp:4:63: KW_nullptr           'nullptr'
./tests/lex/keywords.cpp:5:1: KW_operator          'operator'
./tests/lex/keywords.cpp:5:10: KW_private           'private'
./tests/lex/keywords.cpp:5:18: KW_protected         'protected'
./tests/lex/keywords.cpp:5:28: KW_public            'public'
./tests/lex/keywords.cpp:5:35: KW_register          'register'
./tests/lex/keywords.cpp:5:44: KW_reinterpret_cast  'reinterpret_cast'
./tests/lex/keywords.cpp:5:61: KW_return            'return'
./tests/lex/keywords.cpp:6:1: KW_short             'short'
./tests/lex/keywords.cpp:6:7: KW_signed            'signed'
./tests/lex/keywords.cpp:6:14: KW_sizeof            'sizeof'
./tests/lex/keywords.cpp:6:21: KW_static            'static'
./tests/lex/keywords.cpp:6:28: KW_static_assert     'static_assert'
./tests/lex/keywords.cpp:6:42: KW_static_cast       'static_cast'
./tests/lex/keywords.cpp:6:54: KW_struct            'struct'
./tests/lex/keywords.cpp:6:61: KW_switch            'switch'
./tests/lex/keywords.cpp:7:1: KW_template          'template'
./tests/lex/keywords.cpp:7:10: KW_this              'this'
./tests/lex/keywords.cpp:7:15: KW_thread_local      'thread_local'
./tests/lex/keywords.cpp:7:28: KW_throw             'throw'
./tests/lex/keywords.cpp:7:34: KW_true              'true'
./tests/lex/keywords.cpp:7:39: KW_try               'try'
./tests/lex/keywords.cpp:7:43: KW_typedef           'typedef'
./tests/lex/keywords.cpp:7:51: KW_typeid            'typeid'
./tests/lex/keywords.cpp:7:58: KW_typename          'typename'
./tests/lex/keywords.cpp:8:1: KW_union             'union'
./tests/lex/keywords.cpp:8:7: KW_unsigned          'unsigned'
./tests/lex/keywords.cpp:8:16: KW_using             'using'
./tests/lex/keywords.cpp:8:22: KW_virtual           'virtual'
./tests/lex/keywords.cpp:8:30: KW_void              'void'
./tests/lex/keywords.cpp:8:35: KW_volatile          'volatile'
./tests/lex/keywords.cpp:8:44: KW_wchar_t           'wchar_t'
./tests/lex/keywords.cpp:8:52: KW_while             'while'
