./tests/lex/numbers.cpp:1:1: NUM                  '0'  val=0
./tests/lex/numbers.cpp:1:3: NUM                  '42'  val=42
./tests/lex/numbers.cpp:1:6: NUM                  '1000'  val=1000
./tests/lex/numbers.cpp:1:11: NUM                  '0xFF'  val=255
./tests/lex/numbers.cpp:1:16: NUM                  '0X10'  val=16
./tests/lex/numbers.cpp:1:21: NUM                  '077'  val=63
./tests/lex/numbers.cpp:1:25: NUM                  '0b1010'  val=10
./tests/lex/numbers.cpp:1:32: NUM                  '0B11'  val=3
./tests/lex/numbers.cpp:2:1: NUM                  '1'000'000'  val=1000000
./tests/lex/numbers.cpp:2:11: NUM                  '0xFF'FF'  val=65535
./tests/lex/numbers.cpp:2:19: NUM                  '0b1010'1100'  val=172
./tests/lex/numbers.cpp:3:1: NUM                  '42u'  val=42
./tests/lex/numbers.cpp:3:5: NUM                  '42L'  val=42
./tests/lex/numbers.cpp:3:9: NUM                  '42ull'  val=42
./tests/lex/numbers.cpp:3:15: NUM                  '42ULL'  val=42
./tests/lex/numbers.cpp:4:1: FNUM                 '3.14'  val=3.14
./tests/lex/numbers.cpp:4:6: FNUM                 '1.0e5'  val=100000
./tests/lex/numbers.cpp:4:12: FNUM                 '1.'  val=1
./tests/lex/numbers.cpp:4:15: FNUM                 '.5'  val=0.5
./tests/lex/numbers.cpp:4:18: FNUM                 '1.0f'  val=1
./tests/lex/numbers.cpp:4:23: FNUM                 '1.0L'  val=1
./tests/lex/numbers.cpp:5:1: FNUM                 '0x1.0p10'  val=1024
