./tests/lex/operators.cpp:1:1: (                    '('
./tests/lex/operators.cpp:1:3: )                    ')'
./tests/lex/operators.cpp:1:5: {                    '{'
./tests/lex/operators.cpp:1:7: }                    '}'
./tests/lex/operators.cpp:1:9: [                    '['
./tests/lex/operators.cpp:1:11: ]                    ']'
./tests/lex/operators.cpp:1:13: ;                    ';'
./tests/lex/operators.cpp:1:15: :                    ':'
./tests/lex/operators.cpp:1:17: ,                    ','
./tests/lex/operators.cpp:1:19: .                    '.'
./tests/lex/operators.cpp:1:21: ?                    '?'
./tests/lex/operators.cpp:1:23: ~                    '~'
./tests/lex/operators.cpp:1:25: !                    '!'
./tests/lex/operators.cpp:1:27: +                    '+'
./tests/lex/operators.cpp:1:29: -                    '-'
./tests/lex/operators.cpp:1:31: *                    '*'
./tests/lex/operators.cpp:1:33: /                    '/'
./tests/lex/operators.cpp:1:35: %                    '%'
./tests/lex/operators.cpp:1:37: &                    '&'
./tests/lex/operators.cpp:1:39: |                    '|'
./tests/lex/operators.cpp:1:41: ^                    '^'
./tests/lex/operators.cpp:1:43: =                    '='
./tests/lex/operators.cpp:1:45: <                    '<'
./tests/lex/operators.cpp:1:47: >                    '>'
./tests/lex/operators.cpp:2:1: ->                   '->'
./tests/lex/operators.cpp:2:4: .*                   '.*'
./tests/lex/operators.cpp:2:7: ->*                  '->*'
./tests/lex/operators.cpp:2:11: ++                   '++'
./tests/lex/operators.cpp:2:14: --                   '--'
./tests/lex/operators.cpp:2:17: <<                   '<<'
./tests/lex/operators.cpp:2:20: >>                   '>>'
./tests/lex/operators.cpp:2:23: <=>                  '<=>'
./tests/lex/operators.cpp:2:27: <=                   '<='
./tests/lex/operators.cpp:2:30: >=                   '>='
./tests/lex/operators.cpp:2:33: ==                   '=='
./tests/lex/operators.cpp:2:36: !=                   '!='
./tests/lex/operators.cpp:2:39: &&                   '&&'
./tests/lex/operators.cpp:2:42: ||                   '||'
./tests/lex/operators.cpp:2:45: ::                   '::'
./tests/lex/operators.cpp:2:48: ...                  '...'
./tests/lex/operators.cpp:3:1: +=                   '+='
./tests/lex/operators.cpp:3:4: -=                   '-='
./tests/lex/operators.cpp:3:7: *=                   '*='
./tests/lex/operators.cpp:3:10: /=                   '/='
./tests/lex/operators.cpp:3:13: %=                   '%='
./tests/lex/operators.cpp:3:16: &=                   '&='
./tests/lex/operators.cpp:3:19: |=                   '|='
./tests/lex/operators.cpp:3:22: ^=                   '^='
./tests/lex/operators.cpp:3:25: <<=                  '<<='
./tests/lex/operators.cpp:3:29: >>=                  '>>='
