void: v
bool: b
char: c
unsigned_char: h
short: s
unsigned_short: t
int: i
unsigned_int: j
long: l
unsigned_long: m
long_long: x
unsigned_long_long: y
float: f
double: d
long_double: e
int_ptr: Pi
const_int_ptr: PKi
int_ptr_ptr: PPi
int_ref: Ri
int_rref: Oi
void_ptr: Pv
p_int: i
p_int_ptr: Pi
p_int_ptr_int_ptr: PiS_
p_int_ptr_const_int_ptr: PiPKi
p_int_ptr_ptr: PPi
p_int_ptr_x3_const_int_ptr: PiS_S_PKi
p_int_array5_decays: Pi
p_void: v
