void: v
bool: b
char: c
unsigned_char: h
short: s
unsigned_short: t
int: i
unsigned_int: j
long: l
unsigned_long: m
long_long: x
unsigned_long_long: y
float: f
double: d
long_double: e
int_ptr: Pi
const_int_ptr: PKi
int_ptr_ptr: PPi
int_ref: Ri
int_rref: Oi
void_ptr: Pv
p_int: i
p_int_ptr: Pi
p_int_ptr_int_ptr: PiS_
p_int_ptr_const_int_ptr: PiPKi
p_int_ptr_ptr: PPi
p_int_ptr_x3_const_int_ptr: PiS_S_PKi
p_int_array5_decays: Pi
p_void: v
p_class_A_global: 1A
p_class_T_std: NSt1TE
p_class_T_ns: N2ns1TE
m_global_T_foo_void: _ZN1T3fooEv
m_global_T_foo_int: _ZN1T3fooEi
m_global_T_foo_const: _ZNK1T3fooEv
m_std_T_foo_void: _ZNSt1T3fooEv
m_ns_T_foo_void: _ZN2ns1T3fooEv
m_global_T_foo_T_ptr_T_ptr: _ZN1T3fooEPS_S0_
m_global_T_foo_constT_ptr_x2_T_ptr: _ZN1T3fooEPKS_S1_PS_
m_global_T_foo_Tp_Tpp_Tp_Tpp: _ZN1T3fooEPS_PS0_S0_S1_
m_global_T_foo_ip_Tp_ip_Tp_ip: _ZN1T3fooEPiPS_S0_S1_S0_
