void: v
bool: b
char: c
unsigned_char: h
short: s
unsigned_short: t
int: i
unsigned_int: j
long: l
unsigned_long: m
long_long: x
unsigned_long_long: y
float: f
double: d
long_double: e
int_ptr: Pi
const_int_ptr: PKi
cv_int_ptr: PVKi
int_ptr_ptr: PPi
int_ref: Ri
int_rref: Oi
void_ptr: Pv
p_int: i
p_int_ptr: Pi
p_int_ptr_int_ptr: PiS_
p_int_ptr_const_int_ptr: PiPKi
p_int_ptr_ptr: PPi
p_int_ptr_x3_const_int_ptr: PiS_S_PKi
p_int_array5_decays: Pi
p_void: v
p_class_A_global: 1A
p_class_T_std: NSt1TE
p_class_T_ns: N2ns1TE
m_global_T_foo_void: _ZN1T3fooEv
m_global_T_foo_int: _ZN1T3fooEi
m_global_T_foo_const: _ZNK1T3fooEv
m_std_T_foo_void: _ZNSt1T3fooEv
m_ns_T_foo_void: _ZN2ns1T3fooEv
m_global_T_foo_T_ptr_T_ptr: _ZN1T3fooEPS_S0_
m_global_T_foo_constT_ptr_x2_T_ptr: _ZN1T3fooEPKS_S1_PS_
m_global_T_foo_Tp_Tpp_Tp_Tpp: _ZN1T3fooEPS_PS0_S0_S1_
m_global_T_foo_ip_Tp_ip_Tp_ip: _ZN1T3fooEPiPS_S0_S1_S0_
class_vec_int: 3vecIiE
p_vec_int: 3vecIiE
p_vec_int_x2: 3vecIiES0_
p_vec_int_dbl_int: 3vecIiES_IdES0_
p_vec_int_ptr: P3vecIiE
p_ic_int_42: 2icIiLi42EE
p_ic_int_neg7: 2icIiLin7EE
p_b_true: 1bILb1EE
p_b_false: 1bILb0EE
c_global_T_void: _ZN1TC1Ev
c_global_T_int: _ZN1TC1Ei
c_std_T_void: _ZNSt1TC1Ev
d_global_T: _ZN1TD1Ev
d_std_T: _ZNSt1TD1Ev
db_global_T: _ZN1TD2Ev
