(translation-unit
  (typedef)
  (class-def "Point"
    (var-decl int "x")
    (var-decl int "y"))
  (func-def int "main" (params)
    (block
      (var-decl int "x" (cast int (num 42)))
      (var-decl int "s1" (sizeof int))
      (var-decl int "s2" (sizeof struct Point))
      (var-decl (ptr int) "p" (cast (ptr int) (num 0)))
      (return (+ (+ (ident "x") (ident "s1")) (ident "s2"))))))
