(translation-unit
  (func-def int "main" (params)
    (block
      (var-decl int "a" (num 1))
      (var-decl int "b" (num 2))
      (var-decl int "c" (?: (> (ident "a") (ident "b")) (ident "a") (ident "b")))
      (+= (ident "a") (num 10))
      (-= (ident "b") (num 5))
      (*= (ident "a") (num 2))
      (/= (ident "b") (num 3))
      (%= (ident "a") (num 7))
      (<<= (ident "a") (num 1))
      (>>= (ident "b") (num 2))
      (&= (ident "a") (num 255))
      (|= (ident "b") (num 128))
      (^= (ident "a") (ident "b"))
      (var-decl int "x" (, (, (num 1) (num 2)) (num 3)))
      (return (ident "c")))))
