(translation-unit
  (typedef)
  (var-decl int "a")
  (func-def void "f" (params)
    (block
      (post-++ (call (ident "T") (ident "a")))
      (var-decl (func-type (ptr int) (int)) "d" )
      (var-decl (array int 5) "e")
      (var-decl int "x")
      (var-decl int "c" (num 7))
      (var-decl int "g" (num 1)))))
