(translation-unit
  (template (params (param ? "_Ret") (param ? "_Tp"))
    (class-def "mem_fun"
      (func-def void "mem_fun" (params (param (func-type (ptr dependent _Ret) ()) "pf"))
        (block))
      (func-def dependent _Ret "operator" (params (param (ptr dependent _Tp) "p"))
        (block
          (return (call (->* (ident "p") (ident "f"))))))
      (var-decl (func-type (ptr dependent _Ret) ()) "f")))
  (class-def "PMtest"
    (var-decl int "v")
    (func-def int "run" (params (param (ptr struct PMtest) "p") (param (ptr int) "pm"))
      (block
        (return (+ (->* (ident "p") (ident "pm")) (.* (* (ident "this")) (ident "pm")))))))
  (template (params (param ? "_Str"))
    (func-def void "str_concat" (params (param (ptr const struct value_type) "lhs") (param (ptr const struct value_type) "rhs"))
      (block
        (cast void (ident "lhs"))
        (cast void (ident "rhs")))))
  (template (params (param ? "T"))
    (var-decl struct Box))
  (template (params (param ? "T"))
    (var-decl const int "npos" (- (num 1))))
  (template (params (param ? "T"))
    (func-def void "make_guard" (params (param (ptr int) "x"))
      (block
        (class-def "Guard"
          (var-decl (ptr int) "y")
          (func-def void "Guard" (params (param (ptr int) "o"))
            (block
              (cast void (ident "o")))))
        (var-decl struct Guard "g" (ctor-args (num 0)))
        (cast void (ident "g"))
        (cast void (ident "x")))))
  (template (params (param ? "T"))
    (func-def int "do_cast" (params (param dependent T "x"))
      (block
        (return (cast int (ident "x"))))))
  (template (params (param ? "T"))
    (var-decl struct Vec))
  (template (params)
    (var-decl struct Vec))
  (template (params)
    (var-decl struct Vec)))
