(translation-unit
  (template (params (param ? "T"))
    (class-def "Box"
      (var-decl dependent T "val")))
  (template (params (param ? "A") (param ? "B"))
    (class-def "Pair"
      (var-decl dependent A "a")
      (var-decl dependent B "b")))
  (template (params (param ? "T"))
    (func-def dependent T "identity" (params (param dependent T "x"))
      (block
        (return (ident "x")))))
  (template (params (param int "N"))
    (class-def "Fixed"
      (var-decl (array int 10) "data")))
  (template (params)
    (class-def "Box"
      (var-decl int "special")))
  (func-def int "main" (params)
    (block
      (var-decl struct Box "deep")
      (var-decl struct Pair "mixed")
      (var-decl int "x" (call (template-id "identity" (var-decl int)) (num 42)))
      (var-decl struct Fixed "f")
      (return (ident "x")))))
